log file opened
kd> db 80168740 L(80168c70-80168740)
80168740  55 8b ec 83 ec 78 53 56-57 89 65 f0 89 6d d8 c7  U....xSVW.e..m..
80168750  45 d4 ff ff ff ff c7 45-d0 00 db 19 80 c7 45 cc  E......E......E.
80168760  b8 fd 10 80 64 a1 00 00-00 00 89 45 c8 8d 45 c8  ....d......E..E.
80168770  64 a3 00 00 00 00 64 a1-24 01 00 00 8a 80 d4 01  d.....d.$.......
80168780  00 00 88 45 ff f6 45 3d-01 74 04 c6 45 ff 00 80  ...E..E=.t..E...
80168790  7d ff 00 0f 84 61 02 00-00 c7 45 b0 00 00 00 00  }....a....E.....
801687a0  c7 45 d4 00 00 00 00 6a-00 8b 45 08 50 e8 ae 2f  .E.....j..E.P../
801687b0  fa ff 6a 04 6a 08 8b 4d-14 51 e8 47 ab fa ff 8b  ..j.j..M.Q.G....
801687c0  75 18 0b f6 74 1a 6a 04-6a 08 56 e8 f6 ae fa ff  u...t.j.j.V.....
801687d0  8b 06 8b 4e 04 89 45 e0-89 4d e4 eb 10 8d 49 00  ...N..E..M....I.
801687e0  6a 00 e8 9d 78 ff ff 89-45 e0 89 55 e4 c7 45 d4  j...x...E..U..E.
801687f0  ff ff ff ff f7 45 1c 48-f8 ff ff 0f 85 ef 01 00  .....E.H........
80168800  00 f7 45 20 f8 ff ff ff-0f 85 e2 01 00 00 83 7d  ..E ...........}
80168810  24 05 0f 87 d8 01 00 00-f7 45 28 00 80 ff ff 0f  $........E(.....
80168820  85 cb 01 00 00 f6 45 28-30 74 0a f6 45 0e 10 0f  ......E(0t..E...
80168830  84 bb 01 00 00 f6 45 29-10 74 0a f6 45 0e 01 0f  ......E).t..E...
80168840  84 ab 01 00 00 f6 45 28-10 74 0a f6 45 28 20 0f  ......E(.t..E( .
80168850  85 9b 01 00 00 f6 45 28-01 74 2d f7 45 28 cc 9f  ......E(.t-.E(..
80168860  ff ff 0f 85 88 01 00 00-83 7d 24 02 74 10 83 7d  .........}$.t..}
80168870  24 01 74 0a 83 7d 24 03-0f 85 72 01 00 00 f6 45  $.t..}$...r....E
80168880  0c 06 0f 85 68 01 00 00-f6 45 28 08 74 0a f6 45  ....h....E(.t..E
80168890  0c 04 0f 85 58 01 00 00-83 7d 34 00 0f 84 ae 00  ....X....}4.....
801688a0  00 00 83 7d 34 01 75 68-83 7d 38 00 75 25 b8 0d  ...}4.uh.}8.u%..
801688b0  00 00 c0 e9 9d 03 00 00-8b 45 dc 8b 00 8b 00 89  .........E......
801688c0  45 f4 b8 01 00 00 00 c3-8b 65 f0 8b 45 f4 e9 82  E........e..E...
801688d0  03 00 00 8b 45 38 83 38-01 77 27 83 78 04 01 77  ....E8.8.w'.x..w
801688e0  21 83 78 08 01 77 1b f6-45 20 04 75 15 83 7d 24  !.x..w..E .u..}$
801688f0  01 72 0f 83 7d 24 03 77-09 f7 45 28 cd ff ff ff  .r..}$.w..E(....
80168900  74 4e b8 0d 00 00 c0 e9-49 03 00 00 8d 64 24 00  tN......I....d$.
80168910  83 7d 34 02 75 3a 83 7d-38 00 75 0a b8 0d 00 00  .}4.u:.}8.u.....
80168920  c0 e9 2f 03 00 00 f6 45-20 04 75 18 f7 45 20 fd  ../....E .u..E .
80168930  ff ff ff 74 0f 83 7d 24-02 75 09 f7 45 28 cd ff  ...t..}$.u..E(..
80168940  ff ff 74 0c b8 0d 00 00-c0 e9 07 03 00 00 8b ff  ..t.............
80168950  8b 75 2c 0b f6 0f 84 05-01 00 00 8b 5d 30 0b db  .u,.........]0..
80168960  0f 84 fa 00 00 00 c7 45-d4 01 00 00 00 6a 04 53  .......E.....j.S
80168970  56 e8 50 ad fa ff 53 6a-00 e8 98 b4 fb ff 89 45  V.P...Sj.......E
80168980  b0 89 5d b4 8b f8 8b cb-c1 e9 02 f3 a5 8b cb 83  ..].............
80168990  e1 03 f3 a4 8d 45 e8 50-53 8b 45 b0 50 e8 4e d2  .....E.PS.E.P.N.
801689a0  01 00 89 45 f8 0b c0 7d-11 8b 4d 14 89 01 8b 55  ...E...}..M....U
801689b0  e8 89 51 04 50 e8 36 bd-ff ff c7 45 d4 ff ff ff  ..Q.P.6....E....
801689c0  ff e9 a8 00 00 00 8b 45-dc 8b 00 8b 00 89 45 f4  .......E......E.
801689d0  b8 01 00 00 00 c3 8b 65-f0 83 7d b0 00 74 09 8b  .......e..}..t..
801689e0  45 b0 50 e8 0e de fa ff-8b 45 f4 e9 65 02 00 00  E.P......E..e...
801689f0  b8 0d 00 00 c0 e9 5b 02-00 00 8b 75 18 0b f6 74  ......[....u...t
80168a00  0f 8b 06 8b 4e 04 89 45-e0 89 4d e4 eb 0f 8b ff  ....N..E..M.....
80168a10  6a 00 e8 6d 76 ff ff 89-45 e0 89 55 e4 8b 75 2c  j..mv...E..U..u,
80168a20  0b f6 74 3c 8b 5d 30 0b-db 74 35 53 6a 00 e8 f3  ..t<.]0..t5Sj...
80168a30  df fa ff 89 45 b0 0b c0-75 0a b8 9a 00 00 c0 e9  ....E...u.......
80168a40  11 02 00 00 89 5d b4 8b-7d b0 8b cb c1 e9 02 f3  .....]..}.......
80168a50  a5 8b cb 83 e1 03 f3 a4-eb 14 8d 9b 00 00 00 00  ................
80168a60  c7 45 b0 00 00 00 00 c7-45 b4 00 00 00 00 66 c7  .E......E.....f.
80168a70  45 88 08 00 66 c7 45 8a-40 00 c7 45 98 00 00 00  E...f.E.@..E....
80168a80  00 8b 45 e0 8b 4d e4 89-45 a0 89 4d a4 33 c0 8a  ..E..M..E..M.3..
80168a90  45 24 c1 e0 18 0b 45 28-89 45 a8 66 8b 45 1c 66  E$....E(.E.f.E.f
80168aa0  89 45 ac 66 8b 45 20 66-89 45 ae c6 45 c4 00 8b  .E.f.E f.E..E...
80168ab0  45 3c 89 45 b8 c7 45 9c-00 00 00 00 8b 45 34 89  E<.E..E......E4.
80168ac0  45 bc 8b 45 38 89 45 c0-c7 45 90 00 00 00 00 c7  E..E8.E..E......
80168ad0  45 8c 00 00 00 00 64 a1-24 01 00 00 8b 80 50 01  E.....d.$.....P.
80168ae0  00 00 8d 88 c0 00 00 00-51 6a 01 05 00 01 00 00  ........Qj......
80168af0  50 e8 6e 6f ff ff 68 40-51 1a 80 6a 01 68 70 82  P.no..h@Q..j.hp.
80168b00  19 80 e8 5d 6f ff ff 8d-45 ec 50 8d 45 88 50 8b  ...]o...E.P.E.P.
80168b10  45 0c 50 6a 00 8a 45 ff-50 6a 00 8b 45 10 50 e8  E.Pj..E.Pj..E.P.
80168b20  62 d4 fb ff 89 45 f8 83-7d b0 00 74 09 8b 45 b0  b....E..}..t..E.
80168b30  50 e8 c0 dc fa ff 8b 45-98 05 af fd 55 41 83 f8  P......E....UA..
80168b40  01 1a db f6 db 83 7d f8-00 7c 7b 0a db 74 61 8b  ......}..|{..ta.
80168b50  45 8c 81 48 2c 00 00 04-00 c7 45 d4 03 00 00 00  E..H,.....E.....
80168b60  8b 4d ec 8b 45 08 89 08-8b 45 94 8b 4d 14 89 41  .M..E....E..M..A
80168b70  04 8b 45 90 89 01 8b 45-90 89 45 f8 c7 45 d4 ff  ..E....E..E..E..
80168b80  ff ff ff e9 ca 00 00 00-8b 45 dc 8b 00 8b 00 89  .........E......
80168b90  45 f4 b8 01 00 00 00 c3-8b 65 f0 8b 45 f4 89 45  E........e..E..E
80168ba0  f8 c7 45 d4 ff ff ff ff-e9 a5 00 00 00 8d 49 00  ..E...........I.
80168bb0  83 7d f8 00 7c 10 8b 45-ec 50 e8 a7 91 fb ff c7  .}..|..E.P......
80168bc0  45 f8 24 00 00 c0 83 7d-90 00 7d 56 8b 45 90 89  E.$....}..}V.E..
80168bd0  45 f8 25 00 00 00 c0 3d-00 00 00 80 75 74 c7 45  E.%....=....ut.E
80168be0  d4 02 00 00 00 8b 45 90-8b 4d 14 89 01 8b 45 94  ......E..M....E.
80168bf0  89 41 04 c7 45 d4 ff ff-ff ff eb 56 8d 64 24 00  .A..E......V.d$.
80168c00  8b 45 dc 8b 00 8b 00 89-45 f4 b8 01 00 00 00 c3  .E......E.......
80168c10  8b 65 f0 8b 45 f4 89 45-f8 c7 45 d4 ff ff ff ff  .e..E..E..E.....
80168c20  eb 30 83 7d 8c 00 74 2a-0a db 75 26 8b 45 8c 66  .0.}..t*..u&.E.f
80168c30  83 78 30 00 74 09 8b 40-34 50 e8 b7 db fa ff 8b  .x0.t..@4P......
80168c40  45 8c c7 40 04 00 00 00-00 8b 45 8c 50 e8 b4 a4  E..@......E.P...
80168c50  fa ff 8b 45 f8 8b 4d c8-64 89 0d 00 00 00 00 5f  ...E..M.d......_
80168c60  5e 5b 8b e5 5d c2 38 00-8d 64 24 00 8d 64 24 00  ^[..].8..d$..d$.
kd> .logclose
closing open log file
