log file opened
kd> db NT!_ObOpenObjectByName L(80126186 - 80125f86)
80125f86  81 ec 94 00 00 00 53 56-57 55 2b c0 89 44 24 1c  ......SVWU+..D$.
80125f96  8b 9c 24 a8 00 00 00 3b-d8 75 0a b8 0d 00 00 c0  ..$....;.u......
80125fa6  e9 bf 01 00 00 8b b4 24-b4 00 00 00 0b f6 75 31  .......$......u1
80125fb6  8b bc 24 ac 00 00 00 0b-ff 74 03 8d 47 38 6a 00  ..$......t..G8j.
80125fc6  50 8b 84 24 c0 00 00 00-50 8d 44 24 50 50 e8 37  P..$....P.D$PP.7
80125fd6  26 04 00 0b c0 0f 8c 89-01 00 00 8d 74 24 44 eb  &...........t$D.
80125fe6  07 8b bc 24 ac 00 00 00-8d 44 24 18 50 8d 44 24  ...$.....D$.P.D$
80125ff6  28 50 8d 44 24 34 50 53-8a 9c 24 c0 00 00 00 53  (P.D$4PS..$....S
80126006  e8 ab fc ff ff 8b e8 0b-ed 7d 15 8d 44 24 44 3b  .........}..D$D;
80126016  f0 0f 85 4b 01 00 00 e9-40 01 00 00 8d 64 24 00  ...K....@....d$.
80126026  c7 46 2c 00 00 00 00 83-7c 24 3c 00 74 32 8d 44  .F,.....|$<.t2.D
80126036  24 1c 50 6a 00 6a 01 8b-44 24 48 53 50 e8 c8 04  $.Pj.j..D$HSP...
80126046  05 00 8b e8 0b ed 7d 11-8d 44 24 44 3b f0 0f 85  ......}..D$D;...
80126056  0e 01 00 00 e9 03 01 00-00 8b 44 24 1c 89 46 2c  ..........D$..F,
80126066  8d 44 24 14 50 8d 44 24-17 50 56 8b 44 24 24 6a  .D$.P.D$.PV.D$$j
80126076  00 50 8b 84 24 d0 00 00-00 50 53 8b 44 24 54 57  .P..$....PS.D$TW
80126086  50 8d 44 24 48 50 8b 44-24 58 50 e8 00 f5 ff ff  P.D$HP.D$XP.....
80126096  8b e8 83 7c 24 18 00 74-0a 8b 44 24 18 50 e8 4d  ...|$..t..D$.P.M
801260a6  07 ff ff 83 7c 24 28 00-74 0a 8b 44 24 28 50 e8  ....|$(.t..D$(P.
801260b6  3c 07 ff ff 0b ed 7c 70-8b 44 24 14 8b 50 f8 8b  <.....|p.D$..P..
801260c6  40 f4 8b 48 40 2b c8 83-f9 40 b9 00 00 00 00 74  @..H@+...@.....t
801260d6  05 b9 01 00 00 00 8b 42-0c 8b 40 34 85 44 24 38  .......B..@4.D$8
801260e6  74 13 bd 0d 00 00 c0 80-7c 24 13 00 74 2a e8 6d  t.......|$..t*.m
801260f6  38 00 00 eb 23 8d 44 24-20 50 6a 00 8a 44 24 1b  8...#.D$ Pj..D$.
80126106  53 50 8b 44 24 48 50 6a-00 56 8b 44 24 30 57 50  SP.D$HPj.V.D$0WP
80126116  51 e8 8a e5 ff ff 8b e8-0b ed 7d 1c 8b 44 24 14  Q.........}..D$.
80126126  50 e8 da cf fe ff eb 0c-80 7c 24 13 00 74 05 e8  P........|$..t..
80126136  2c 38 00 00 0b ed 7c 0f-8b 84 24 c0 00 00 00 8b  ,8....|...$.....
80126146  4c 24 20 89 08 eb 0d 8b-84 24 c0 00 00 00 c7 00  L$ ......$......
80126156  00 00 00 00 8d 44 24 44-3b f0 75 06 56 e8 98 25  .....D$D;.u.V..%
80126166  04 00 8b c5 5d 5f 5e 5b-81 c4 94 00 00 00 c2 1c  ....]_^[........
80126176  00 8d 64 24 00 8d 64 24-00 8d a4 24 00 00 00 00  ..d$..d$...$....
kd> .logclose
closing open log file
