log file opened
kd> db NT!_ObpLookupObjectName L(80125c16 - 80125596)
80125596  83 ec 30 53 56 57 55 c7-44 24 20 00 00 00 00 8b  ..0SVWU.D$ .....
801255a6  44 24 68 c7 44 24 28 20-00 00 00 8b 4c 24 6c c6  D$h.D$( ....L$l.
801255b6  00 00 c7 01 00 00 00 00-c7 44 24 18 00 00 00 00  .........D$.....
801255c6  c7 44 24 14 00 00 00 00-83 7c 24 44 00 0f 84 bd  .D$......|$D....
801255d6  02 00 00 8b 44 24 48 8b-40 04 0b c0 74 15 66 83  ....D$H.@...t.f.
801255e6  38 5c 75 0f b8 3b 00 00-c0 5d 5f 5e 5b 83 c4 30  8\u..;...]_^[..0
801255f6  c2 2c 00 8d 44 24 24 6a-00 50 8a 44 24 5c 50 6a  .,..D$$j.P.D$\Pj
80125606  00 8b 44 24 54 6a 00 50-e8 43 db fe ff 89 44 24  ..D$Tj.P.C....D$
80125616  18 0b c0 7d 0b 5d 5f 5e-5b 83 c4 30 c2 2c 00 90  ...}.]_^[..0.,..
80125626  8b 44 24 24 8b 48 f8 8b-41 0c 39 05 e0 c0 19 80  .D$$.H..A.9.....
80125636  0f 84 fa 01 00 00 83 78-68 00 75 19 8b 44 24 24  .......xh.u..D$$
80125646  50 e8 ba da fe ff b8 08-00 00 c0 5d 5f 5e 5b 83  P..........]_^[.
80125656  c4 30 c2 2c 00 8b 44 24-48 8b 10 8b 40 04 89 54  .0.,..D$H...@..T
80125666  24 30 89 44 24 34 8d 44-24 14 50 8b 44 24 60 50  $0.D$4.D$.P.D$`P
80125676  8b 44 24 60 50 8d 44 24-3c 50 8b 44 24 58 50 8b  .D$`P.D$<P.D$XP.
80125686  44 24 60 50 8a 44 24 6c-50 8b 84 24 80 00 00 00  D$`P.D$lP..$....
80125696  50 8b 44 24 70 50 8b 44-24 48 50 8b 41 0c ff 50  P.D$pP.D$HP.A..P
801256a6  68 3d 04 01 00 00 89 44-24 18 74 45 0b c0 7d 10  h=.....D$.tE..}.
801256b6  c7 44 24 14 00 00 00 00-eb 15 8d 9b 00 00 00 00  .D$.............
801256c6  83 7c 24 14 00 75 08 c7-44 24 18 34 00 00 c0 8b  .|$..u..D$.4....
801256d6  44 24 24 50 e8 27 da fe-ff 8b 4c 24 6c 8b 44 24  D$$P.'....L$l.D$
801256e6  14 89 01 8b 44 24 18 5d-5f 5e 5b 83 c4 30 c2 2c  ....D$.]_^[..0.,
801256f6  00 8b 44 24 24 50 e8 05-da fe ff a1 e8 c0 19 80  ..D$$P..........
80125706  89 44 24 24 c7 44 24 44-00 00 00 00 8b 6c 24 2c  .D$$.D$D.....l$,
80125716  2b db 8b 44 24 48 88 5c-24 13 8b 08 8b 40 04 bf  +..D$H.\$....@..
80125726  02 00 00 00 89 4c 24 30-89 44 24 34 be fe ff ff  .....L$0.D$4....
80125736  ff 8b 44 24 34 89 5c 24-14 66 83 38 5c 75 09 01  ..D$4.\$.f.8\u..
80125746  7c 24 34 66 01 74 24 30-8b 44 24 30 8b 4c 24 34  |$4f.t$0.D$0.L$4
80125756  89 44 24 38 89 8c 24 3c-00 00 00 66 3b c3 74 15  .D$8..$<...f;.t.
80125766  8b 44 24 34 66 83 38 5c-74 0b 01 7c 24 34 66 01  .D$4f.8\t..|$4f.
80125776  74 24 30 75 eb 66 8b 44-24 30 66 29 44 24 38 0f  t$0u.f.D$0f)D$8.
80125786  84 d1 01 00 00 8b 44 24-68 38 18 75 0c c6 00 01  ......D$h8.u....
80125796  e8 ab 41 00 00 8b 6c 24-24 8b 44 24 64 f6 40 0c  ..A...l$$.D$d.@.
801257a6  01 75 29 39 5c 24 20 74-23 8d 44 24 18 50 8a 44  .u)9\$ t#.D$.P.D
801257b6  24 58 50 8b 44 24 6c 53-50 8b 44 24 30 57 50 e8  $XP.D$lSP.D$0WP.
801257c6  ac cb 02 00 3a c3 0f 84-e5 03 00 00 8b 44 24 4c  ....:........D$L
801257d6  50 8d 44 24 3c 50 55 e8-94 41 00 00 89 44 24 14  P.D$<PU..A...D$.
801257e6  3b c3 0f 84 7b 01 00 00-8b 40 f8 89 44 24 1c 39  ;...{....@..D$.9
801257f6  5c 24 60 75 0c 8b 40 0c-39 58 68 0f 85 6f 02 00  \$`u..@.9Xh..o..
80125806  00 66 39 5c 24 30 0f 84-4c 03 00 00 8b 44 24 1c  .f9\$0..L....D$.
80125816  8b 0d e0 c0 19 80 39 48-0c 0f 85 86 03 00 00 89  ......9H........
80125826  6c 24 20 8b 6c 24 14 e9-05 ff ff ff 8d 64 24 00  l$ .l$.......d$.
80125836  8b 44 24 48 66 83 38 00-74 0a 83 78 04 00 0f 85  .D$Hf.8.t..x....
80125846  c8 fe ff ff 8a 44 24 54-50 8b 44 24 54 50 8b 44  .....D$TP.D$TP.D
80125856  24 2c 6a 00 50 e8 76 89-ff ff 89 44 24 18 0b c0  $,j.P.v....D$...
80125866  7c 08 8b 44 24 24 89 44-24 14 8b 44 24 24 50 e8  |..D$$.D$..D$$P.
80125876  8c d8 fe ff 8b 4c 24 6c-8b 44 24 14 89 01 8b 44  .....L$l.D$....D
80125886  24 18 5d 5f 5e 5b 83 c4-30 c2 2c 00 8d 64 24 00  $.]_^[..0.,..d$.
80125896  a1 e8 c0 19 80 89 44 24-24 8b 44 24 48 66 8b 08  ......D$$.D$Hf..
801258a6  66 0b c9 0f 84 51 03 00-00 8b 40 04 0b c0 0f 84  f....Q....@.....
801258b6  46 03 00 00 66 83 38 5c-0f 85 3c 03 00 00 66 83  F...f.8\..<...f.
801258c6  f9 02 0f 85 44 fe ff ff-83 7c 24 24 00 75 51 83  ....D....|$$.uQ.
801258d6  7c 24 60 00 74 3a 8a 44-24 54 50 8b 44 24 54 50  |$`.t:.D$TP.D$TP
801258e6  8b 44 24 68 6a 00 50 e8-e4 88 ff ff 89 44 24 18  .D$hj.P......D$.
801258f6  0b c0 7c 0a 8b 4c 24 6c-8b 44 24 60 89 01 8b 44  ..|..L$l.D$`...D
80125906  24 18 5d 5f 5e 5b 83 c4-30 c2 2c 00 8d 64 24 00  $.]_^[..0.,..d$.
80125916  b8 0d 00 00 c0 5d 5f 5e-5b 83 c4 30 c2 2c 00 90  .....]_^[..0.,..
80125926  8a 44 24 54 50 8b 44 24-54 50 8b 44 24 2c 6a 00  .D$TP.D$TP.D$,j.
80125936  50 e8 9a 88 ff ff 89 44-24 18 0b c0 7c 0a 8b 4c  P......D$...|..L
80125946  24 6c 8b 44 24 24 89 01-8b 44 24 18 5d 5f 5e 5b  $l.D$$...D$.]_^[
80125956  83 c4 30 c2 2c 00 c7 44-24 18 33 00 00 c0 e9 4e  ..0.,..D$.3....N
80125966  02 00 00 66 39 5c 24 30-74 0d c7 44 24 18 3a 00  ...f9\$0t..D$.:.
80125976  00 c0 e9 3a 02 00 00 39-5c 24 60 75 0d c7 44 24  ...:...9\$`u..D$
80125986  18 34 00 00 c0 e9 27 02-00 00 8d 44 24 18 50 8a  .4....'....D$.P.
80125996  44 24 58 50 8d 44 24 40-53 50 8b 44 24 74 50 a1  D$XP.D$@SP.D$tP.
801259a6  e0 c0 19 80 2b 44 24 64-83 f8 01 1b c0 83 e0 04  ....+D$d........
801259b6  83 c0 04 50 55 e8 06 cb-02 00 3a c3 0f 84 ef 01  ...PU.....:.....
801259c6  00 00 8b 44 24 38 25 ff-ff 00 00 50 53 e8 4e 10  ...D$8%....PS.N.
801259d6  ff ff 8b f0 3b f3 0f 84-86 00 00 00 8b 44 24 60  ....;........D$`
801259e6  50 55 e8 79 9c 02 00 3a-c3 74 6d 53 53 8b 44 24  PU.y...:.tmSS.D$
801259f6  68 53 50 e8 d8 87 ff ff-8b 44 24 60 53 8b 78 f4  hSP......D$`S.x.
80125a06  a1 e0 c0 19 80 50 53 55-e8 c3 87 ff ff 8b 44 24  .....PSU......D$
80125a16  38 25 ff ff 00 00 50 8b-44 24 40 50 56 e8 f0 c3  8%....P.D$@PV...
80125a26  fe ff 83 c4 0c 8b 47 60-3b c3 74 06 50 e8 be 0d  ......G`;.t.P...
80125a36  ff ff 89 77 60 66 8b 44-24 38 66 89 47 5e 66 8b  ...w`f.D$8f.G^f.
80125a46  44 24 38 66 89 47 5c 8b-44 24 60 89 44 24 14 89  D$8f.G\.D$`.D$..
80125a56  5c 24 18 e9 59 01 00 00-3b f3 74 06 56 e8 8e 0d  \$..Y...;.t.V...
80125a66  ff ff c7 44 24 18 9a 00-00 c0 e9 42 01 00 00 90  ...D$......B....
80125a76  8b 44 24 1c 83 c0 04 50-e8 d1 a0 03 00 e8 de 3e  .D$....P.......>
80125a86  00 00 8b 44 24 68 88 18-8d 44 24 14 50 8b 44 24  ...D$h...D$.P.D$
80125a96  60 50 8b 44 24 60 50 8d-44 24 3c 50 8b 44 24 58  `P.D$`P.D$<P.D$X
80125aa6  50 8b 44 24 60 50 8a 44-24 6c 50 8b 84 24 80 00  P.D$`P.D$lP..$..
80125ab6  00 00 50 8b 44 24 70 50-8b 44 24 38 50 8b 44 24  ..P.D$pP.D$8P.D$
80125ac6  44 8b 40 0c ff 50 68 89-44 24 18 8b 44 24 1c 8b  D.@..Ph.D$..D$..
80125ad6  00 50 e8 29 d6 fe ff 81-7c 24 18 04 01 00 00 75  .P.)....|$.....u
80125ae6  5f ff 4c 24 28 74 49 8b-44 24 48 c6 44 24 13 01  _.L$(tI.D$H.D$..
80125af6  8b 40 04 66 83 38 5c 75-0e a1 e8 c0 19 80 89 44  .@.f.8\u.......D
80125b06  24 24 e9 aa 00 00 00 a1-e8 c0 19 80 39 44 24 24  $$..........9D$$
80125b16  0f 85 9b 00 00 00 89 5c-24 14 c7 44 24 18 34 00  .......\$..D$.4.
80125b26  00 c0 88 5c 24 13 e9 86-00 00 00 05 00 00 00 00  ...\$...........
80125b36  89 5c 24 14 c7 44 24 18-34 00 00 c0 eb 73 8b ff  .\$..D$.4....s..
80125b46  39 5c 24 18 7d 02 eb 65-39 5c 24 14 75 63 c7 44  9\$.}..e9\$.uc.D
80125b56  24 18 34 00 00 c0 eb 59-39 5c 24 60 75 53 8b 44  $.4....Y9\$`uS.D
80125b66  24 64 f6 40 0c 01 75 1e-8d 44 24 18 50 8a 44 24  $d.@..u..D$.P.D$
80125b76  58 50 8b 44 24 6c 53 50-6a 02 55 e8 f0 c7 02 00  XP.D$lSPj.U.....
80125b86  3a c3 75 02 eb 27 8a 44-24 54 50 8b 44 24 54 50  :.u..'.D$TP.D$TP
80125b96  8b 44 24 1c 53 50 e8 35-86 ff ff 89 44 24 18 3b  .D$.SP.5....D$.;
80125ba6  c3 7d 0e eb 08 c7 44 24-18 24 00 00 c0 89 5c 24  .}....D$.$....\$
80125bb6  14 38 5c 24 13 0f 85 57-fb ff ff 8b 4c 24 6c 8b  .8\$...W....L$l.
80125bc6  44 24 14 89 01 0b c0 75-12 81 7c 24 18 04 01 00  D$.....u..|$....
80125bd6  00 75 08 c7 44 24 18 34-00 00 c0 83 7c 24 44 00  .u..D$.4....|$D.
80125be6  74 0a 8b 44 24 24 50 e8-14 d5 fe ff 8b 44 24 18  t..D$$P......D$.
80125bf6  5d 5f 5e 5b 83 c4 30 c2-2c 00 b8 3b 00 00 c0 5d  ]_^[..0.,..;...]
80125c06  5f 5e 5b 83 c4 30 c2 2c-00 8d a4 24 00 00 00 00  _^[..0.,...$....
kd> .logclose
closing open log file
